[
 {
  "children": [
   {
    "children": [
     {
      "kind": "function",
      "name": "Circle",
      "parameters": [
       {
        "kind": "parameter",
        "name": "radius",
        "row:col": "6:21",
        "type": "double"
       }
      ],
      "row:col": "6:5"
     },
     {
      "kind": "function",
      "name": "area",
      "parameters": [],
      "row:col": "7:5",
      "type": "double"
     }
    ],
    "kind": "class",
    "name": "Circle",
    "row:col": "4:1"
   }
  ],
  "kind": "file",
  "name": "/home/bakshtb/labs/pybind11/cppyy/../include/Circle.h",
  "row:col": "1:1"
 },
 {
  "children": [
   {
    "children": [
     {
      "kind": "function",
      "name": "Rectangle",
      "parameters": [
       {
        "kind": "parameter",
        "name": "width",
        "row:col": "6:15",
        "type": "double"
       },
       {
        "kind": "parameter",
        "name": "height",
        "row:col": "6:29",
        "type": "double"
       }
      ],
      "row:col": "6:5"
     },
     {
      "kind": "function",
      "name": "area",
      "parameters": [],
      "row:col": "7:5",
      "type": "double"
     }
    ],
    "kind": "class",
    "name": "Rectangle",
    "row:col": "4:1"
   }
  ],
  "kind": "file",
  "name": "/home/bakshtb/labs/pybind11/cppyy/../include/Rectangle.h",
  "row:col": "1:1"
 },
 {
  "children": [
   {
    "children": [
     {
      "kind": "function",
      "name": "addShape",
      "parameters": [
       {
        "kind": "parameter",
        "name": "shape",
        "row:col": "8:19",
        "type": "std::shared_ptr<Shape>"
       }
      ],
      "row:col": "8:5",
      "type": "void"
     },
     {
      "kind": "function",
      "name": "totalArea",
      "parameters": [],
      "row:col": "9:5",
      "type": "double"
     },
     {
      "kind": "function",
      "name": "getShape",
      "parameters": [
       {
        "kind": "parameter",
        "name": "index",
        "row:col": "10:37",
        "type": "size_t"
       }
      ],
      "row:col": "10:5",
      "type": "std::shared_ptr<Shape>"
     }
    ],
    "kind": "class",
    "name": "ShapeManager",
    "row:col": "6:1"
   }
  ],
  "kind": "file",
  "name": "/home/bakshtb/labs/pybind11/cppyy/../include/ShapeManager.h",
  "row:col": "1:1"
 },
 {
  "children": [
   {
    "children": [
     {
      "kind": "function",
      "name": "DataStreamExample",
      "parameters": [
       {
        "kind": "parameter",
        "name": "size",
        "row:col": "7:32",
        "type": "size_t"
       }
      ],
      "row:col": "7:5"
     },
     {
      "kind": "function",
      "name": "getDataBuffer",
      "parameters": [],
      "row:col": "8:5",
      "type": "uint32_t *"
     },
     {
      "kind": "function",
      "name": "printDataBuffer",
      "parameters": [],
      "row:col": "9:5",
      "type": "void"
     },
     {
      "kind": "function",
      "name": "getBufferSize",
      "parameters": [],
      "row:col": "10:5",
      "type": "size_t"
     },
     {
      "kind": "function",
      "name": "~DataStreamExample",
      "parameters": [],
      "row:col": "11:5"
     }
    ],
    "kind": "class",
    "name": "DataStreamExample",
    "row:col": "5:1"
   }
  ],
  "kind": "file",
  "name": "/home/bakshtb/labs/pybind11/cppyy/../include/DataStreamExample.h",
  "row:col": "1:1"
 },
 {
  "children": [
   {
    "children": [
     {
      "kind": "function",
      "name": "~Shape",
      "parameters": [],
      "row:col": "5:5"
     },
     {
      "kind": "function",
      "name": "area",
      "parameters": [],
      "row:col": "6:5",
      "type": "double"
     }
    ],
    "kind": "class",
    "name": "Shape",
    "row:col": "3:1"
   }
  ],
  "kind": "file",
  "name": "/home/bakshtb/labs/pybind11/cppyy/../include/Shape.h",
  "row:col": "1:1"
 }
]